result code = -1
standard error = {
tests/preprocessor/define-function-like.slang(16): error 30015: undefined identifier 'x'.
tests/preprocessor/define-function-like.slang(16): error 30015: undefined identifier 'x'.
}
standard output = {
}
