result code = 0
standard error = {
}
standard output = {
5 "tests/preprocessor/line-simple.slang" }
