result code = 0
standard error = {
}
standard output = {
"Hello" 13 "Is" "Anybody" "Is" There Thing26 Yeppers PasteConditional 10 50 
}
