result code = 0
standard error = {
tests/current-bugs/preproc-detail-3.slang(14): warning 15401: macro 'C' is not defined
#undef C
       ^
}
standard output = {
Hey Something else 
}
