result code = 0
standard error = {
}
standard output = {
C ( Hi ) 
}
