result code = -1
standard error = {
tests/current-bugs/vector-mismatch-bad-diagnostic.slang(20): error 39999: ambiguous call to 'float4' with arguments of type (float, float, float)
    float3 v = float4(1.0, 2.0, 1.0);
                     ^
core.meta.slang(446): note 39999: candidate: vector<T,4>.init(float, float, vector<float,2>)
core.meta.slang(445): note 39999: candidate: vector<T,4>.init(float, vector<float,2>, float)
core.meta.slang(444): note 39999: candidate: vector<T,4>.init(vector<float,2>, float, float)
}
standard output = {
}
