type: float
10.000000
32.500000
82.000000
158.500000
