type: float
97.000000
98.000000
99.000000
100.000000
