0
0
0
0
1
3555
FFFFFFFF
3EAAAAAB
2
0
FFFFFFFE
3F2AAAAB
3
0
FFFFFFFD
3F800000
