type: float
12.000000
81.000000
42.000000
183.000000
72.000000
285.000000
102.000000
387.000000
