type: float
500000000.000000
-0.000000
0.000031
14159265500513851891833112322759458816.000000
